// Jest Snapshot v1, https://goo.gl/fbAQLP

exports[`Accordion Row Element renders an accordion row 1`] = `
<article
  className="tribe-editor__accordion__row"
>
  <button
    aria-controls="accordion-content-123"
    aria-expanded="false"
    aria-selected="false"
    className="tribe-editor__button tribe-editor__accordion__row-header header-class"
    data-attr="header-attr-value"
    id="accordion-header-123"
    onClick={[Function]}
    role="tab"
    type="button"
  >
    this is header
  </button>
  <div
    aria-hidden="true"
    aria-labelledby="accordion-header-123"
    className="tribe-editor__accordion__row-content content-class"
    data-attr="content-attr-value"
    id="accordion-content-123"
    role="tabpanel"
  >
    this is a content
  </div>
</article>
`;
